--------------------------------------------------------------------------------------
Timing Analyzer Summary
--------------------------------------------------------------------------------------

Type           : Worst-case tsu
Slack          : N/A
Required Time  : None
Actual Time    : 3.348 ns
From           : B[10]
To             : addr32:inst|result[31]
From Clock     : --
To Clock       : clk
Failed Paths   : 0

Type           : Worst-case tco
Slack          : N/A
Required Time  : None
Actual Time    : 13.262 ns
From           : dac7513:inst1|dacdout
To             : dacdout
From Clock     : clk
To Clock       : --
Failed Paths   : 0

Type           : Worst-case th
Slack          : N/A
Required Time  : None
Actual Time    : 0.486 ns
From           : sel
To             : dac7513:inst1|dacdout
From Clock     : --
To Clock       : clk
Failed Paths   : 0

Type           : Clock Setup: 'clk'
Slack          : N/A
Required Time  : None
Actual Time    : 72.38 MHz ( period = 13.816 ns )
From           : other:inst6|altsyncram:altsyncram_component|altsyncram_br71:auto_generated|ram_block1a5~porta_address_reg9
To             : dac7513:inst1|dacdout
From Clock     : clk
To Clock       : clk
Failed Paths   : 0

Type           : Clock Setup: 'pin'
Slack          : N/A
Required Time  : None
Actual Time    : 336.93 MHz ( period = 2.968 ns )
From           : cnt:inst4|dout[0]
To             : cnt:inst4|dout[9]
From Clock     : pin
To Clock       : pin
Failed Paths   : 0

Type           : Clock Hold: 'clk'
Slack          : Not operational: Clock Skew > Data Delay
Required Time  : None
Actual Time    : N/A
From           : dac7513:inst1|clk25k
To             : dac7513:inst1|cnt2[3]
From Clock     : clk
To Clock       : clk
Failed Paths   : 6

Type           : Total number of failed paths
Slack          : 
Required Time  : 
Actual Time    : 
From           : 
To             : 
From Clock     : 
To Clock       : 
Failed Paths   : 6

--------------------------------------------------------------------------------------

